---
source: tests/transform.rs
expression: output
---
const _worklet_1397870550576_init_data = { code: "(function foo_null1(){return 1;})" };
const foo = function foo_null1Factory({ _worklet_1397870550576_init_data }) {
	const foo = function() {
		return 1;
	};
	foo.__closure = {};
	foo.__workletHash = 1397870550576;
	foo.__initData = _worklet_1397870550576_init_data;
	return foo;
}({ _worklet_1397870550576_init_data });
