---
source: tests/transform.rs
expression: output
---
const a = 1;
const _worklet_7560605000887_init_data = {
	code: "(function foo_null1(t){var a=this.__closure.a;var foo=this._recur;if(t>0){return a+foo(t-1);}})",
	location: "/dev/null",
	sourceMap: "{\"version\":3,\"sources\":[\"/dev/null\"],\"names\":[],\"mappings\":\"AAAA,CAAC,SAAS,UAAU,CAAC,EAAE,IAAK,AAAC,EAAG,IAAI,CAAC,SAAS,CAAjB,EAAkB,IAAM,IAAI,IAAI,CAAC,MAAM,CAAC,GAAG,EAAE,EAAE,CAAC,OAAO,EAAE,IAAI,EAAE,GAAE,CAAC,CAAC\"}"
};
const foo = function foo_null1Factory({ _worklet_7560605000887_init_data, a }) {
	const _e = [
		new global.Error(),
		-2,
		-27
	];
	const foo = function(t) {
		if (t > 0) {
			return a + foo(t - 1);
		}
	};
	foo.__closure = { a };
	foo.__workletHash = 7560605000887;
	foo.__pluginVersion = "x.y.z";
	foo.__initData = _worklet_7560605000887_init_data;
	foo.__stackDetails = _e;
	return foo;
}({
	_worklet_7560605000887_init_data,
	a
});
