---
source: tests/transform.rs
expression: output
---
const _worklet_16463388434953_init_data = {
	code: "(function null1(){return 1;})",
	location: "/dev/null",
	sourceMap: "{\"version\":3,\"names\":[],\"sources\":[\"/dev/null\"],\"sourcesContent\":[\"(function null1(){return 1});\"],\"mappings\":\"CAAC,SAAS,OAAO,CAAC,MAAO\"}"
};
const foo = function null1Factory({ _worklet_16463388434953_init_data }) {
	const _e = [
		new global.Error(),
		1,
		-27
	];
	const null1 = function() {
		return 1;
	};
	null1.__closure = {};
	null1.__workletHash = 0xef92e6b6209;
	null1.__pluginVersion = "x.y.z";
	null1.__initData = _worklet_16463388434953_init_data;
	null1.__stackDetails = _e;
	return null1;
}({ _worklet_16463388434953_init_data });
