---
source: tests/transform.rs
expression: output
---
const a = 1;
const _worklet_12252751925087_init_data = {
	code: "(function foo_null1(x){var a=this.__closure.a;return x+a;})",
	location: "/dev/null",
	sourceMap: "{\"version\":3,\"sources\":[\"/dev/null\"],\"names\":[],\"mappings\":\"AAAA,CAAC,SAAS,UAAU,CAAC,EAAE,IAAK,AAAC,EAAG,IAAI,CAAC,SAAS,CAAjB,EAAkB,OAAO,EAAE,EAAC,CAAC\"}"
};
const foo = function foo_null1Factory({ _worklet_12252751925087_init_data, a }) {
	const _e = [
		new global.Error(),
		-2,
		-27
	];
	const foo = function(x) {
		return x + a;
	};
	foo.__closure = { a };
	foo.__workletHash = 0xb24d0ed0f5f;
	foo.__pluginVersion = "x.y.z";
	foo.__initData = _worklet_12252751925087_init_data;
	foo.__stackDetails = _e;
	return foo;
}({
	_worklet_12252751925087_init_data,
	a
});
