---
source: tests/transform.rs
expression: output
---
const _worklet_3389766325603_init_data = {
	code: "(async function foo_null1(){var bar=this.__closure.bar;await bar();})",
	location: "/dev/null",
	sourceMap: "{\"version\":3,\"names\":[],\"sources\":[\"/dev/null\"],\"sourcesContent\":[\"(async function foo_null1(){const{bar}=this.__closure;await bar()});\"],\"mappings\":\"CAAC,eAAe,WAAW,CAAC,KAAK,CAAC,KAAK,KAAK,UAAU,MAAM,KAAK\"}"
};
const foo = function foo_null1Factory({ _worklet_3389766325603_init_data, bar }) {
	const _e = [
		new global.Error(),
		-2,
		-27
	];
	const foo = async function() {
		await bar();
	};
	foo.__closure = { bar };
	foo.__workletHash = 3389766325603;
	foo.__pluginVersion = "x.y.z";
	foo.__initData = _worklet_3389766325603_init_data;
	foo.__stackDetails = _e;
	return foo;
}({
	_worklet_3389766325603_init_data,
	bar
});
