---
source: tests/transform.rs
expression: output
---
const _worklet_12347124310024_init_data = {
	code: "(function null1(){return{bar(){return`bar`}}})",
	location: "/dev/null"
};
const foo = {
	bar() {
		return "bar";
	},
	__workletContextObjectFactory: function null1Factory({ _worklet_12347124310024_init_data }) {
		const _e = [
			new global.Error(),
			1,
			-27
		];
		const null1 = function() {
			return { bar() {
				return "bar";
			} };
		};
		null1.__closure = {};
		null1.__workletHash = 0xb3ac9f56008;
		null1.__pluginVersion = "x.y.z";
		null1.__initData = _worklet_12347124310024_init_data;
		null1.__stackDetails = _e;
		return null1;
	}({ _worklet_12347124310024_init_data })
};
