---
source: tests/transform.rs
expression: output
---
const _worklet_6727186492400_init_data = { code: "(function foo_library_source_js1(){return 1;})" };
const foo = function foo_library_source_js1Factory({ _worklet_6727186492400_init_data }) {
	const foo = function() {
		return 1;
	};
	foo.__closure = {};
	foo.__workletHash = 6727186492400;
	foo.__initData = _worklet_6727186492400_init_data;
	return foo;
}({ _worklet_6727186492400_init_data });
