---
source: tests/transform.rs
expression: output
---
const _worklet_7100283626319_init_data = {
	code: "(function foo_null1(){var doSomething=this.__closure.doSomething;try{doSomething();}catch(error){if(globalThis.handler){var message=error.message,stack=error.stack;globalThis.handler(message,stack);}}})",
	location: "/dev/null",
	sourceMap: "{\"version\":3,\"sources\":[\"/dev/null\"],\"names\":[],\"mappings\":\"AAAA,CAAC,SAAS,YAAY,IAAK,AAAC,YAAa,IAAI,CAAC,SAAS,CAA3B,YAA4B,GAAG,CAAC,cAAa,CAAC,MAAM,MAAM,CAAC,GAAG,WAAW,OAAO,CAAC,CAAC,IAAI,QAAQ,MAAM,OAAO,CAAC,MAAM,MAAM,KAAK,CAAC,WAAW,OAAO,CAAC,QAAQ,OAAM,CAAC,CAAC,CAAC\"}"
};
const foo = function foo_null1Factory({ _worklet_7100283626319_init_data, doSomething }) {
	const _e = [
		new global.Error(),
		-2,
		-27
	];
	const foo = function() {
		try {
			doSomething();
		} catch (error) {
			if (globalThis.handler) {
				var message = error.message, stack = error.stack;
				globalThis.handler(message, stack);
			}
		}
	};
	foo.__closure = { doSomething };
	foo.__workletHash = 7100283626319;
	foo.__pluginVersion = "x.y.z";
	foo.__initData = _worklet_7100283626319_init_data;
	foo.__stackDetails = _e;
	return foo;
}({
	_worklet_7100283626319_init_data,
	doSomething
});
