---
source: tests/transform.rs
expression: output
---
const _worklet_5982130848144_init_data = { code: "(function foo_source_js1(){return 1;})" };
const foo = function foo_source_js1Factory({ _worklet_5982130848144_init_data }) {
	const foo = function() {
		return 1;
	};
	foo.__closure = {};
	foo.__workletHash = 5982130848144;
	foo.__initData = _worklet_5982130848144_init_data;
	return foo;
}({ _worklet_5982130848144_init_data });
