---
source: tests/transform.rs
expression: output
---
const _worklet_2464832141757_init_data = {
	code: "(function outer_null2(){var _worklet_16463388434953_init_data=this.__closure._worklet_16463388434953_init_data;var inner=function null1Factory(ref){var _worklet_16463388434953_init_data=ref._worklet_16463388434953_init_data;var _e=[new global.Error,1,-27];var null1=function(){return 1;};null1.__closure={};null1.__workletHash=0xef92e6b6209;null1.__pluginVersion=\"x.y.z\";null1.__initData=_worklet_16463388434953_init_data;null1.__stackDetails=_e;return null1;}({_worklet_16463388434953_init_data:_worklet_16463388434953_init_data});return inner;})",
	location: "/dev/null",
	sourceMap: "{\"version\":3,\"sources\":[\"/dev/null\"],\"names\":[],\"mappings\":\"AAAA,CAAC,SAAS,cAAc,IAAK,AAAC,kCAAmC,IAAI,CAAC,SAAS,CAAjD,kCAAkD,IAAM,MAAM,SAAS,aAAa,SAAA,AAAC,kCAAD,IAAC,kCAAoC,IAAM,GAAG,CAAC,IAAI,OAAO,KAAK,CAAC,EAAE,CAAC,GAAG,CAAC,IAAM,MAAM,WAAW,OAAO,EAAC,EAAE,MAAM,SAAS,CAAC,CAAC,EAAE,MAAM,aAAa,CAAC,cAAc,MAAM,eAAe,CAAC,QAAQ,MAAM,UAAU,CAAC,kCAAkC,MAAM,cAAc,CAAC,GAAG,OAAO,MAAK,EAAE,CAAC,kCAAA,iCAAiC,GAAG,OAAO,MAAK,CAAC\"}"
};
const _worklet_16463388434953_init_data = {
	code: "(function null1(){return 1;})",
	location: "/dev/null",
	sourceMap: "{\"version\":3,\"sources\":[\"/dev/null\"],\"names\":[],\"mappings\":\"AAAA,CAAC,SAAS,QAAQ,OAAO,EAAC,CAAC\"}"
};
const outer = function outer_null2Factory({ _worklet_2464832141757_init_data, _worklet_16463388434953_init_data }) {
	const _e = [
		new global.Error(),
		-2,
		-27
	];
	const outer = function() {
		const inner = function null1Factory({ _worklet_16463388434953_init_data }) {
			const _e = [
				new global.Error(),
				1,
				-27
			];
			const null1 = function() {
				return 1;
			};
			null1.__closure = {};
			null1.__workletHash = 0xef92e6b6209;
			null1.__pluginVersion = "x.y.z";
			null1.__initData = _worklet_16463388434953_init_data;
			null1.__stackDetails = _e;
			return null1;
		}({ _worklet_16463388434953_init_data });
		return inner;
	};
	outer.__closure = { _worklet_16463388434953_init_data };
	outer.__workletHash = 2464832141757;
	outer.__pluginVersion = "x.y.z";
	outer.__initData = _worklet_2464832141757_init_data;
	outer.__stackDetails = _e;
	return outer;
}({
	_worklet_2464832141757_init_data,
	_worklet_16463388434953_init_data
});
